
Efinity Interface Designer Timing Report
Version: 2021.2.323
Date: 2022-05-14 12:36

Copyright (C) 2017 - 2021 Efinix Inc. All rights reserved.

Device: T120F324
Project: mipi_loopback
Timing Model: C4 (final)

---------- 1. PLL Timing Report (begin) ----------

+--------------------+-------------+-----------------------+
|       Clock        | Period (ns) | Phase Shift (degrees) |
+--------------------+-------------+-----------------------+
|     tx_vga_clk     |    25.00    |           0           |
|    tx_pixel_clk    |    99.99    |           0           |
|  mipi_rx_cal_clk   |    10.00    |           0           |
| tx_esc_pll_CLKOUT0 |    51.25    |           0           |
|     rx_vga_clk     |    25.00    |           0           |
|    rx_pixel_clk    |    100.00   |           0           |
+--------------------+-------------+-----------------------+

---------- PLL Timing Report (end) ----------

---------- 2. GPIO Timing Report (begin) ----------

Non-registered GPIO Configuration:
===================================

+---------------+-------------+-----------+----------+----------+
| Instance Name |   Pin Name  | Parameter | Max (ns) | Min (ns) |
+---------------+-------------+-----------+----------+----------+
|  mipi_refclk  | mipi_refclk |  GPIO_IN  |  1.476   |  0.738   |
|    ref_clk    |   ref_clk   |  GPIO_IN  |  1.476   |  0.738   |
|    refclk2    |   refclk2   |  GPIO_IN  |  1.476   |  0.738   |
+---------------+-------------+-----------+----------+----------+

---------- GPIO Timing Report (end) ----------

---------- 3. LVDS Rx Timing Report (begin) ----------

Non-registered LVDS GPIO Configuration:
========================================

+---------------+----------+-----------+----------+----------+
| Instance Name | Pin Name | Parameter | Max (ns) | Min (ns) |
+---------------+----------+-----------+----------+----------+
|     rst_n     |  rst_n   |  GPIO_IN  |  1.714   |  0.857   |
|      sw4      |   sw4    |  GPIO_IN  |  1.714   |  0.857   |
|      sw5      |   sw5    |  GPIO_IN  |  1.714   |  0.857   |
|      led5     |   led5   |  GPIO_OUT |  3.542   |  1.771   |
|      led6     |   led6   |  GPIO_OUT |  3.542   |  1.771   |
+---------------+----------+-----------+----------+----------+

---------- LVDS Rx Timing Report (end) ----------

---------- 6. JTAG Timing Report (begin) ----------

+---------------+-----------+-----------+----------+----------+
| Instance Name |  Pin Name | Parameter | Max (ns) | Min (ns) |
+---------------+-----------+-----------+----------+----------+
|     bscan     | bscan_TDI |  JTAG_IN  |  2.415   |  1.208   |
|     bscan     | bscan_TMS |  JTAG_IN  |  1.755   |  0.877   |
+---------------+-----------+-----------+----------+----------+

---------- JTAG Timing Report (end) ----------
